E7 profiling tools build (gcc)
  build dir: /home/arduino/workspace/egs/accelerate_CAM/build/profill/compiler_matrix/compile_quick_01/02_final_flags__compiler_default
/home/arduino/workspace/egs/accelerate_CAM/src/c/runtime/execution/tensor_registry.c: In function ‘campp_tensor_registry_create’:
/home/arduino/workspace/egs/accelerate_CAM/src/c/runtime/execution/tensor_registry.c:49:37: warning: comparison is always false due to limited range of data type [-Wtype-limits]
   49 |     if ((size_t)model->tensor_count > SIZE_MAX / sizeof(*views)) {
      |                                     ^
/home/arduino/workspace/egs/accelerate_CAM/src/c/runtime/memory_management/reference_tensor_storage.c: In function ‘campp_reference_tensor_storage_create’:
/home/arduino/workspace/egs/accelerate_CAM/src/c/runtime/memory_management/reference_tensor_storage.c:77:37: warning: comparison is always false due to limited range of data type [-Wtype-limits]
   77 |     if ((size_t)model->tensor_count > SIZE_MAX / sizeof(void *) ||
      |                                     ^
/home/arduino/workspace/egs/accelerate_CAM/src/c/runtime/memory_management/reference_tensor_storage.c:78:37: warning: comparison is always false due to limited range of data type [-Wtype-limits]
   78 |         (size_t)model->tensor_count > SIZE_MAX / sizeof(size_t)) {
      |                                     ^
/home/arduino/workspace/egs/accelerate_CAM/src/c/runtime/memory_management/reference_tensor_storage.c: In function ‘campp_runtime_context_create’:
/home/arduino/workspace/egs/accelerate_CAM/src/c/runtime/memory_management/reference_tensor_storage.c:278:43: warning: comparison is always false due to limited range of data type [-Wtype-limits]
  278 |         if ((size_t)model->operator_count >
      |                                           ^
/home/arduino/workspace/egs/accelerate_CAM/src/c/runtime/memory_management/tensor_arena.c: In function ‘campp_tensor_arena_create’:
/home/arduino/workspace/egs/accelerate_CAM/src/c/runtime/memory_management/tensor_arena.c:222:37: warning: comparison is always false due to limited range of data type [-Wtype-limits]
  222 |     if ((size_t)model->tensor_count > SIZE_MAX / sizeof(void *) ||
      |                                     ^
/home/arduino/workspace/egs/accelerate_CAM/src/c/runtime/memory_management/tensor_arena.c:223:37: warning: comparison is always false due to limited range of data type [-Wtype-limits]
  223 |         (size_t)model->tensor_count > SIZE_MAX / sizeof(size_t)) {
      |                                     ^
lto-wrapper: warning: using serial compilation of 2 LTRANS jobs
lto-wrapper: note: see the ‘-flto’ option documentation for more information
/home/arduino/workspace/egs/accelerate_CAM/src/c/runtime/execution/tensor_registry.c: In function ‘campp_tensor_registry_create’:
/home/arduino/workspace/egs/accelerate_CAM/src/c/runtime/execution/tensor_registry.c:49:37: warning: comparison is always false due to limited range of data type [-Wtype-limits]
   49 |     if ((size_t)model->tensor_count > SIZE_MAX / sizeof(*views)) {
      |                                     ^
/home/arduino/workspace/egs/accelerate_CAM/src/c/runtime/memory_management/reference_tensor_storage.c: In function ‘campp_reference_tensor_storage_create’:
/home/arduino/workspace/egs/accelerate_CAM/src/c/runtime/memory_management/reference_tensor_storage.c:77:37: warning: comparison is always false due to limited range of data type [-Wtype-limits]
   77 |     if ((size_t)model->tensor_count > SIZE_MAX / sizeof(void *) ||
      |                                     ^
/home/arduino/workspace/egs/accelerate_CAM/src/c/runtime/memory_management/reference_tensor_storage.c:78:37: warning: comparison is always false due to limited range of data type [-Wtype-limits]
   78 |         (size_t)model->tensor_count > SIZE_MAX / sizeof(size_t)) {
      |                                     ^
/home/arduino/workspace/egs/accelerate_CAM/src/c/runtime/memory_management/reference_tensor_storage.c: In function ‘campp_runtime_context_create’:
/home/arduino/workspace/egs/accelerate_CAM/src/c/runtime/memory_management/reference_tensor_storage.c:278:43: warning: comparison is always false due to limited range of data type [-Wtype-limits]
  278 |         if ((size_t)model->operator_count >
      |                                           ^
/home/arduino/workspace/egs/accelerate_CAM/src/c/runtime/memory_management/tensor_arena.c: In function ‘campp_tensor_arena_create’:
/home/arduino/workspace/egs/accelerate_CAM/src/c/runtime/memory_management/tensor_arena.c:222:37: warning: comparison is always false due to limited range of data type [-Wtype-limits]
  222 |     if ((size_t)model->tensor_count > SIZE_MAX / sizeof(void *) ||
      |                                     ^
/home/arduino/workspace/egs/accelerate_CAM/src/c/runtime/memory_management/tensor_arena.c:223:37: warning: comparison is always false due to limited range of data type [-Wtype-limits]
  223 |         (size_t)model->tensor_count > SIZE_MAX / sizeof(size_t)) {
      |                                     ^
lto-wrapper: warning: using serial compilation of 2 LTRANS jobs
lto-wrapper: note: see the ‘-flto’ option documentation for more information
Build complete
  final baseline: /home/arduino/workspace/egs/accelerate_CAM/build/profill/compiler_matrix/compile_quick_01/02_final_flags__compiler_default/campp_runtime_benchmark_final
  tensor dump:/home/arduino/workspace/egs/accelerate_CAM/build/profill/compiler_matrix/compile_quick_01/02_final_flags__compiler_default/campp_reference_dump_final
